
     Program PWSCF v.6.1 starts on 17Jul2017 at 11:26:59 

     This program is part of the open-source Quantum ESPRESSO suite
     for quantum simulation of materials; please cite
         "P. Giannozzi et al., J. Phys.:Condens. Matter 21 395502 (2009);
          URL http://www.quantum-espresso.org", 
     in publications or presentations arising from this work. More details at
     http://www.quantum-espresso.org/quote

     Parallel version (MPI), running on     4 processors
     R & G space division:  proc/nbgrp/npool/nimage =       4
     Waiting for input...
     Reading input from standard input
Warning: card  &IONS ignored
Warning: card  / ignored
Warning: card  &CELL ignored
Warning: card  / ignored

     Current dimensions of program PWSCF are:
     Max number of different atomic species (ntypx) = 10
     Max number of k-points (npk) =  40000
     Max angular momentum in pseudopotentials (lmaxx) =  3

     Subspace diagonalization in iterative solution of the eigenvalue problem:
     a serial algorithm will be used

     Message from routine setup:
     no reason to have ecutrho>4*ecutwfc

     Parallelization info
     --------------------
     sticks:   dense  smooth     PW     G-vecs:    dense   smooth      PW
     Min         230      63     21                 4549      641     132
     Max         232      64     22                 4550      642     135
     Sum         925     253     85                18197     2565     531



     bravais-lattice index     =            2
     lattice parameter (alat)  =       6.6500  a.u.
     unit-cell volume          =      73.5199 (a.u.)^3
     number of atoms/cell      =            1
     number of atomic types    =            1
     number of electrons       =        10.00
     number of Kohn-Sham states=            9
     kinetic-energy cutoff     =      40.0000  Ry
     charge density cutoff     =     600.0000  Ry
     convergence threshold     =      1.0E-10
     mixing beta               =       0.7000
     number of iterations used =            8  TF        mixing
     Exchange-correlation      = SLA-PZ-NOGX-NOGC ( 1  1  0  0 0 0)

     celldm(1)=   6.650000  celldm(2)=   0.000000  celldm(3)=   0.000000
     celldm(4)=   0.000000  celldm(5)=   0.000000  celldm(6)=   0.000000

     crystal axes: (cart. coord. in units of alat)
               a(1) = (  -0.500000   0.000000   0.500000 )  
               a(2) = (   0.000000   0.500000   0.500000 )  
               a(3) = (  -0.500000   0.500000   0.000000 )  

     reciprocal axes: (cart. coord. in units 2 pi/alat)
               b(1) = ( -1.000000 -1.000000  1.000000 )  
               b(2) = (  1.000000  1.000000  1.000000 )  
               b(3) = ( -1.000000  1.000000 -1.000000 )  


     PseudoPot. # 1 for Ni read from file:
     ./Ni.pz-hgh.UPF
     MD5 check sum: 957430d63e3608c06c847acd8d050c09
     Pseudo is Norm-conserving, Zval = 10.0
     Generated in analytical, separable form
     Using radial grid of 1195 points,  6 beta functions with: 
                l(1) =   0
                l(2) =   0
                l(3) =   0
                l(4) =   1
                l(5) =   1
                l(6) =   2

     atomic species   valence    mass     pseudopotential
        Ni            10.00    58.69340     Ni( 1.00)

     Starting magnetic structure 
     atomic species   magnetization
        Ni           0.500

     48 Sym. Ops., with inversion, found



   Cartesian axes

     site n.     atom                  positions (alat units)
         1           Ni  tau(   1) = (   0.0000000   0.0000000   0.0000000  )

     number of k points=     6  Methfessel-Paxton smearing, width (Ry)=  0.0200
                       cart. coord. in units 2pi/alat
        k(    1) = (  -0.1666667   0.1666667   0.1666667), wk =   0.0740741
        k(    2) = (   0.5000000  -0.5000000   0.8333333), wk =   0.2222222
        k(    3) = (   0.1666667  -0.1666667   0.5000000), wk =   0.2222222
        k(    4) = (  -0.1666667  -1.1666667   0.1666667), wk =   0.2222222
        k(    5) = (  -0.5000000  -0.8333333  -0.1666667), wk =   0.2222222
        k(    6) = (   0.5000000  -0.5000000  -0.5000000), wk =   0.0370370

     Dense  grid:    18197 G-vectors     FFT dimensions: (  40,  40,  40)

     Smooth grid:     2565 G-vectors     FFT dimensions: (  20,  20,  20)

     Estimated max dynamical RAM per process >       7.34 MB

     Estimated total dynamical RAM >      29.37 MB
     Generating pointlists ...
     new r_m :   0.2917 (alat units)  1.9397 (a.u.) for type    1

     Initial potential from superposition of free atoms

     Starting from uniform charge
     Starting wfc are random

     total cpu time spent up to now is        0.5 secs

     per-process dynamical memory:     9.1 Mb

     Self-consistent Calculation

     iteration #  1     ecut=    40.00 Ry     beta= 0.70
     Davidson diagonalization with overlap
     ethr =  1.00E-02,  avg # of iterations =  6.5

     negative rho (up, down):  1.157E-02 1.157E-02

     total cpu time spent up to now is        0.8 secs

     total energy              =     -58.77783933 Ry
     Harris-Foulkes estimate   =     -72.63286272 Ry
     estimated scf accuracy    <      27.86610301 Ry

     total magnetization       =     0.00 Bohr mag/cell
     absolute magnetization    =     0.00 Bohr mag/cell

     iteration #  2     ecut=    40.00 Ry     beta= 0.70
     Davidson diagonalization with overlap
     ethr =  1.00E-02,  avg # of iterations =  2.0

     negative rho (up, down):  2.360E-03 2.360E-03

     total cpu time spent up to now is        1.0 secs

     total energy              =     -60.66294689 Ry
     Harris-Foulkes estimate   =     -61.22446878 Ry
     estimated scf accuracy    <       1.12472104 Ry

     total magnetization       =     0.00 Bohr mag/cell
     absolute magnetization    =     0.00 Bohr mag/cell

     iteration #  3     ecut=    40.00 Ry     beta= 0.70
     Davidson diagonalization with overlap
     ethr =  1.00E-02,  avg # of iterations =  2.0

     total cpu time spent up to now is        1.2 secs

     total energy              =     -60.87077446 Ry
     Harris-Foulkes estimate   =     -60.91826603 Ry
     estimated scf accuracy    <       0.11460661 Ry

     total magnetization       =     0.00 Bohr mag/cell
     absolute magnetization    =     0.00 Bohr mag/cell

     iteration #  4     ecut=    40.00 Ry     beta= 0.70
     Davidson diagonalization with overlap
     ethr =  1.15E-03,  avg # of iterations =  2.0

     total cpu time spent up to now is        1.3 secs

     total energy              =     -60.86580726 Ry
     Harris-Foulkes estimate   =     -60.91377567 Ry
     estimated scf accuracy    <       0.07089774 Ry

     total magnetization       =     0.00 Bohr mag/cell
     absolute magnetization    =     0.00 Bohr mag/cell

     iteration #  5     ecut=    40.00 Ry     beta= 0.70
     Davidson diagonalization with overlap
     ethr =  7.09E-04,  avg # of iterations =  2.0

     total cpu time spent up to now is        1.5 secs

     total energy              =     -60.88849210 Ry
     Harris-Foulkes estimate   =     -60.89814075 Ry
     estimated scf accuracy    <       0.02224700 Ry

     total magnetization       =     0.01 Bohr mag/cell
     absolute magnetization    =     0.01 Bohr mag/cell

     iteration #  6     ecut=    40.00 Ry     beta= 0.70
     Davidson diagonalization with overlap
     ethr =  2.22E-04,  avg # of iterations =  1.2

     total cpu time spent up to now is        1.6 secs

     total energy              =     -60.89109102 Ry
     Harris-Foulkes estimate   =     -60.89133592 Ry
     estimated scf accuracy    <       0.00071304 Ry

     total magnetization       =     0.02 Bohr mag/cell
     absolute magnetization    =     0.02 Bohr mag/cell

     iteration #  7     ecut=    40.00 Ry     beta= 0.70
     Davidson diagonalization with overlap
     ethr =  7.13E-06,  avg # of iterations =  1.8

     total cpu time spent up to now is        1.8 secs

     total energy              =     -60.89114097 Ry
     Harris-Foulkes estimate   =     -60.89119953 Ry
     estimated scf accuracy    <       0.00009831 Ry

     total magnetization       =     0.04 Bohr mag/cell
     absolute magnetization    =     0.04 Bohr mag/cell

     iteration #  8     ecut=    40.00 Ry     beta= 0.70
     Davidson diagonalization with overlap
     ethr =  9.83E-07,  avg # of iterations =  2.0

     total cpu time spent up to now is        1.9 secs

     total energy              =     -60.89094722 Ry
     Harris-Foulkes estimate   =     -60.89139202 Ry
     estimated scf accuracy    <       0.00070058 Ry

     total magnetization       =     0.01 Bohr mag/cell
     absolute magnetization    =     0.01 Bohr mag/cell

     iteration #  9     ecut=    40.00 Ry     beta= 0.70
     Davidson diagonalization with overlap
     ethr =  9.83E-07,  avg # of iterations =  2.0

     total cpu time spent up to now is        2.1 secs

     total energy              =     -60.89115253 Ry
     Harris-Foulkes estimate   =     -60.89119256 Ry
     estimated scf accuracy    <       0.00008654 Ry

     total magnetization       =     0.00 Bohr mag/cell
     absolute magnetization    =     0.00 Bohr mag/cell

     iteration # 10     ecut=    40.00 Ry     beta= 0.70
     Davidson diagonalization with overlap
     ethr =  8.65E-07,  avg # of iterations =  1.6

     total cpu time spent up to now is        2.3 secs

     total energy              =     -60.89116480 Ry
     Harris-Foulkes estimate   =     -60.89116527 Ry
     estimated scf accuracy    <       0.00000092 Ry

     total magnetization       =    -0.00 Bohr mag/cell
     absolute magnetization    =     0.00 Bohr mag/cell

     iteration # 11     ecut=    40.00 Ry     beta= 0.70
     Davidson diagonalization with overlap
     ethr =  9.19E-09,  avg # of iterations =  2.0

     total cpu time spent up to now is        2.4 secs

     total energy              =     -60.89116512 Ry
     Harris-Foulkes estimate   =     -60.89116513 Ry
     estimated scf accuracy    <          9.6E-09 Ry

     total magnetization       =     0.00 Bohr mag/cell
     absolute magnetization    =     0.00 Bohr mag/cell

     iteration # 12     ecut=    40.00 Ry     beta= 0.70
     Davidson diagonalization with overlap
     ethr =  9.58E-11,  avg # of iterations =  1.3

     total cpu time spent up to now is        2.6 secs

     total energy              =     -60.89116513 Ry
     Harris-Foulkes estimate   =     -60.89116513 Ry
     estimated scf accuracy    <          4.4E-10 Ry

     total magnetization       =    -0.00 Bohr mag/cell
     absolute magnetization    =     0.00 Bohr mag/cell

     iteration # 13     ecut=    40.00 Ry     beta= 0.70
     Davidson diagonalization with overlap
     ethr =  4.35E-12,  avg # of iterations =  2.0

     Magnetic moment per site:
     atom:    1    charge:    8.1301    magn:    0.0000    constr:    0.0000

     total cpu time spent up to now is        2.7 secs

     End of self-consistent calculation

 ------ SPIN UP ------------


          k =-0.1667 0.1667 0.1667 (   320 PWs)   bands (ev):

     6.0932  16.2273  16.5465  16.5465  18.5438  18.5438  33.9516  38.8472
    38.8472

          k = 0.5000-0.5000 0.8333 (   314 PWs)   bands (ev):

    10.8445  14.8253  16.3824  17.6685  20.2232  20.7137  25.1786  31.4397
    36.3541

          k = 0.1667-0.1667 0.5000 (   313 PWs)   bands (ev):

     8.7141  15.2972  17.1149  18.1203  18.9879  20.0738  29.1984  34.1294
    35.9410

          k =-0.1667-1.1667 0.1667 (   318 PWs)   bands (ev):

    12.5171  14.2011  15.7986  18.9788  19.8364  21.4924  24.7683  28.4287
    30.0317

          k =-0.5000-0.8333-0.1667 (   312 PWs)   bands (ev):

    13.9780  14.2686  15.5646  18.1804  20.0332  23.2027  23.6455  28.2180
    31.0045

          k = 0.5000-0.5000-0.5000 (   332 PWs)   bands (ev):

    11.0840  14.3532  15.9056  15.9056  18.5068  18.5068  22.4944  35.8611
    35.8611

 ------ SPIN DOWN ----------


          k =-0.1667 0.1667 0.1667 (   320 PWs)   bands (ev):

     6.0932  16.2273  16.5465  16.5465  18.5438  18.5438  33.9516  38.8472
    38.8472

          k = 0.5000-0.5000 0.8333 (   314 PWs)   bands (ev):

    10.8445  14.8253  16.3824  17.6685  20.2232  20.7137  25.1786  31.4397
    36.3541

          k = 0.1667-0.1667 0.5000 (   313 PWs)   bands (ev):

     8.7141  15.2972  17.1149  18.1203  18.9879  20.0738  29.1984  34.1294
    35.9410

          k =-0.1667-1.1667 0.1667 (   318 PWs)   bands (ev):

    12.5171  14.2011  15.7986  18.9788  19.8364  21.4924  24.7683  28.4287
    30.0317

          k =-0.5000-0.8333-0.1667 (   312 PWs)   bands (ev):

    13.9780  14.2686  15.5646  18.1804  20.0332  23.2027  23.6455  28.2180
    31.0045

          k = 0.5000-0.5000-0.5000 (   332 PWs)   bands (ev):

    11.0840  14.3532  15.9056  15.9056  18.5068  18.5068  22.4944  35.8611
    35.8611

     the Fermi energy is    20.1051 ev

!    total energy              =     -60.89116513 Ry
     Harris-Foulkes estimate   =     -60.89116513 Ry
     estimated scf accuracy    <          5.3E-11 Ry

     The total energy is the sum of the following terms:

     one-electron contribution =      11.68602029 Ry
     hartree contribution      =       6.89945392 Ry
     xc contribution           =     -10.52901257 Ry
     ewald contribution        =     -68.94529435 Ry
     smearing contrib. (-TS)   =      -0.00233242 Ry

     total magnetization       =     0.00 Bohr mag/cell
     absolute magnetization    =     0.00 Bohr mag/cell

     convergence has been achieved in  13 iterations

     Writing output data file Ni.save

     init_run     :      0.22s CPU      0.28s WALL (       1 calls)
     electrons    :      2.14s CPU      2.26s WALL (       1 calls)

     Called by init_run:
     wfcinit      :      0.04s CPU      0.04s WALL (       1 calls)
     potinit      :      0.04s CPU      0.04s WALL (       1 calls)

     Called by electrons:
     c_bands      :      1.40s CPU      1.48s WALL (      13 calls)
     sum_band     :      0.33s CPU      0.36s WALL (      13 calls)
     v_of_rho     :      0.25s CPU      0.26s WALL (      14 calls)
     mix_rho      :      0.08s CPU      0.08s WALL (      13 calls)

     Called by c_bands:
     init_us_2    :      0.03s CPU      0.03s WALL (     324 calls)
     cegterg      :      1.37s CPU      1.44s WALL (     156 calls)

     Called by sum_band:

     Called by *egterg:
     h_psi        :      1.11s CPU      1.14s WALL (     509 calls)
     g_psi        :      0.01s CPU      0.01s WALL (     341 calls)
     cdiaghg      :      0.15s CPU      0.17s WALL (     497 calls)

     Called by h_psi:
     h_psi:pot    :      1.10s CPU      1.14s WALL (     509 calls)
     h_psi:calbec :      0.04s CPU      0.03s WALL (     509 calls)
     vloc_psi     :      1.02s CPU      1.07s WALL (     509 calls)
     add_vuspsi   :      0.04s CPU      0.03s WALL (     509 calls)

     General routines
     calbec       :      0.04s CPU      0.03s WALL (     509 calls)
     fft          :      0.21s CPU      0.22s WALL (     173 calls)
     ffts         :      0.01s CPU      0.01s WALL (      54 calls)
     fftw         :      1.03s CPU      1.07s WALL (    9468 calls)
     interpolate  :      0.10s CPU      0.09s WALL (      54 calls)

     Parallel routines
     fft_scatter  :      0.19s CPU      0.20s WALL (    9695 calls)

     PWSCF        :     2.64s CPU         2.89s WALL


   This run was terminated on:  11:27: 2  17Jul2017            

=------------------------------------------------------------------------------=
   JOB DONE.
=------------------------------------------------------------------------------=
