        0.0000000000        0.0078980823        0.0000000000
        0.1111111111        0.6703152522        0.9757803952
        0.2222222222        0.5448514894        4.1483497195
        0.3333333333        0.3072482681        8.1737116956
        0.4444444444        0.2702498602       14.4681712537
        0.5555555556        0.3834135094       28.4215828961
        0.6666666667        0.4136043492       50.0966566823
        0.7777777778        0.4301052173       80.7758388157
        0.8888888889        0.3708952415      115.3303077259
        1.0000000000        0.3250348449      153.6558163538
