
     Program PWSCF v.6.1 starts on 17Jul2017 at 11:15:42 

     This program is part of the open-source Quantum ESPRESSO suite
     for quantum simulation of materials; please cite
         "P. Giannozzi et al., J. Phys.:Condens. Matter 21 395502 (2009);
          URL http://www.quantum-espresso.org", 
     in publications or presentations arising from this work. More details at
     http://www.quantum-espresso.org/quote

     Parallel version (MPI), running on     4 processors
     R & G space division:  proc/nbgrp/npool/nimage =       4
     Waiting for input...
     Reading input from standard input
     Message from routine read_cards :
     DEPRECATED: no units specified in ATOMIC_POSITIONS card
     Message from routine read_cards :
     ATOMIC_POSITIONS: units set to alat

     Current dimensions of program PWSCF are:
     Max number of different atomic species (ntypx) = 10
     Max number of k-points (npk) =  40000
     Max angular momentum in pseudopotentials (lmaxx) =  3

     Subspace diagonalization in iterative solution of the eigenvalue problem:
     a serial algorithm will be used


     Parallelization info
     --------------------
     sticks:   dense  smooth     PW     G-vecs:    dense   smooth      PW
     Min          87      87     30                 1068     1068     216
     Max          88      88     31                 1071     1071     218
     Sum         349     349    121                 4279     4279     869



     bravais-lattice index     =            2
     lattice parameter (alat)  =      10.2000  a.u.
     unit-cell volume          =     265.3020 (a.u.)^3
     number of atoms/cell      =            2
     number of atomic types    =            1
     number of electrons       =         8.00
     number of Kohn-Sham states=            4
     kinetic-energy cutoff     =      24.0000  Ry
     charge density cutoff     =      96.0000  Ry
     convergence threshold     =      1.0E-08
     mixing beta               =       0.7000
     number of iterations used =            8  plain     mixing
     Exchange-correlation      =  SLA  PZ   NOGX NOGC ( 1  1  0  0 0 0)

     celldm(1)=  10.200000  celldm(2)=   0.000000  celldm(3)=   0.000000
     celldm(4)=   0.000000  celldm(5)=   0.000000  celldm(6)=   0.000000

     crystal axes: (cart. coord. in units of alat)
               a(1) = (  -0.500000   0.000000   0.500000 )  
               a(2) = (   0.000000   0.500000   0.500000 )  
               a(3) = (  -0.500000   0.500000   0.000000 )  

     reciprocal axes: (cart. coord. in units 2 pi/alat)
               b(1) = ( -1.000000 -1.000000  1.000000 )  
               b(2) = (  1.000000  1.000000  1.000000 )  
               b(3) = ( -1.000000  1.000000 -1.000000 )  


     PseudoPot. # 1 for Si read from file:
     ./Si.pz-vbc.UPF
     MD5 check sum: 6dfa03ddd5817404712e03e4d12deb78
     Pseudo is Norm-conserving, Zval =  4.0
     Generated by new atomic code, or converted to UPF format
     Using radial grid of  431 points,  2 beta functions with: 
                l(1) =   0
                l(2) =   1

     atomic species   valence    mass     pseudopotential
        Si             4.00    28.08600     Si( 1.00)

     48 Sym. Ops., with inversion, found (24 have fractional translation)



   Cartesian axes

     site n.     atom                  positions (alat units)
         1           Si  tau(   1) = (   0.0000000   0.0000000   0.0000000  )
         2           Si  tau(   2) = (   0.2500000   0.2500000   0.2500000  )

     number of k points=    10
                       cart. coord. in units 2pi/alat
        k(    1) = (  -0.1250000   0.1250000   0.1250000), wk =   0.0625000
        k(    2) = (  -0.3750000   0.3750000  -0.1250000), wk =   0.1875000
        k(    3) = (   0.3750000  -0.3750000   0.6250000), wk =   0.1875000
        k(    4) = (   0.1250000  -0.1250000   0.3750000), wk =   0.1875000
        k(    5) = (  -0.1250000   0.6250000   0.1250000), wk =   0.1875000
        k(    6) = (   0.6250000  -0.1250000   0.8750000), wk =   0.3750000
        k(    7) = (   0.3750000   0.1250000   0.6250000), wk =   0.3750000
        k(    8) = (  -0.1250000  -0.8750000   0.1250000), wk =   0.1875000
        k(    9) = (  -0.3750000   0.3750000   0.3750000), wk =   0.0625000
        k(   10) = (   0.3750000  -0.3750000   1.1250000), wk =   0.1875000

     Dense  grid:     4279 G-vectors     FFT dimensions: (  24,  24,  24)

     Estimated max dynamical RAM per process >       0.97 MB

     Estimated total dynamical RAM >       3.89 MB

     Initial potential from superposition of free atoms

     starting charge    7.99901, renormalised to    8.00000
     Starting wfc are    8 randomized atomic wfcs

     total cpu time spent up to now is        0.7 secs

     per-process dynamical memory:     4.2 Mb

     Self-consistent Calculation

     iteration #  1     ecut=    24.00 Ry     beta= 0.70
     Davidson diagonalization with overlap
     ethr =  1.00E-02,  avg # of iterations =  2.0

     Threshold (ethr) on eigenvalues was too large:
     Diagonalizing with lowered threshold

     Davidson diagonalization with overlap
     ethr =  7.88E-04,  avg # of iterations =  1.0

     total cpu time spent up to now is        0.9 secs

     total energy              =     -15.84727668 Ry
     Harris-Foulkes estimate   =     -15.86829292 Ry
     estimated scf accuracy    <       0.06181512 Ry

     iteration #  2     ecut=    24.00 Ry     beta= 0.70
     Davidson diagonalization with overlap
     ethr =  7.73E-04,  avg # of iterations =  1.0

     total cpu time spent up to now is        0.9 secs

     total energy              =     -15.85036308 Ry
     Harris-Foulkes estimate   =     -15.85066190 Ry
     estimated scf accuracy    <       0.00215927 Ry

     iteration #  3     ecut=    24.00 Ry     beta= 0.70
     Davidson diagonalization with overlap
     ethr =  2.70E-05,  avg # of iterations =  2.5

     total cpu time spent up to now is        1.0 secs

     total energy              =     -15.85079939 Ry
     Harris-Foulkes estimate   =     -15.85083161 Ry
     estimated scf accuracy    <       0.00007278 Ry

     iteration #  4     ecut=    24.00 Ry     beta= 0.70
     Davidson diagonalization with overlap
     ethr =  9.10E-07,  avg # of iterations =  2.3

     total cpu time spent up to now is        1.1 secs

     total energy              =     -15.85081676 Ry
     Harris-Foulkes estimate   =     -15.85082025 Ry
     estimated scf accuracy    <       0.00000741 Ry

     iteration #  5     ecut=    24.00 Ry     beta= 0.70
     Davidson diagonalization with overlap
     ethr =  9.27E-08,  avg # of iterations =  2.0

     total cpu time spent up to now is        1.1 secs

     total energy              =     -15.85081790 Ry
     Harris-Foulkes estimate   =     -15.85081794 Ry
     estimated scf accuracy    <       0.00000009 Ry

     iteration #  6     ecut=    24.00 Ry     beta= 0.70
     Davidson diagonalization with overlap
     ethr =  1.11E-09,  avg # of iterations =  2.6

     total cpu time spent up to now is        1.2 secs

     End of self-consistent calculation

          k =-0.1250 0.1250 0.1250 (   534 PWs)   bands (ev):

    -5.6138   4.6327   5.9404   5.9404

          k =-0.3750 0.3750-0.1250 (   526 PWs)   bands (ev):

    -4.5483   1.5828   3.8822   5.4511

          k = 0.3750-0.3750 0.6250 (   530 PWs)   bands (ev):

    -3.3458  -0.5903   3.9247   4.6467

          k = 0.1250-0.1250 0.3750 (   531 PWs)   bands (ev):

    -5.0672   3.0066   4.8907   4.9783

          k =-0.1250 0.6250 0.1250 (   528 PWs)   bands (ev):

    -3.9985   1.2999   3.5091   3.9849

          k = 0.6250-0.1250 0.8750 (   522 PWs)   bands (ev):

    -2.2825  -0.7123   2.0739   3.2050

          k = 0.3750 0.1250 0.6250 (   526 PWs)   bands (ev):

    -3.5604   0.3664   2.8491   4.2661

          k =-0.1250-0.8750 0.1250 (   521 PWs)   bands (ev):

    -2.4719  -0.6036   2.7181   3.5015

          k =-0.3750 0.3750 0.3750 (   528 PWs)   bands (ev):

    -4.0927   0.2251   5.1322   5.1322

          k = 0.3750-0.3750 1.1250 (   526 PWs)   bands (ev):

    -2.8345  -0.4465   2.1552   4.3149

     highest occupied level (ev):     5.9404

!    total energy              =     -15.85081793 Ry
     Harris-Foulkes estimate   =     -15.85081793 Ry
     estimated scf accuracy    <          6.5E-10 Ry

     The total energy is the sum of the following terms:

     one-electron contribution =       4.78743568 Ry
     hartree contribution      =       1.07829594 Ry
     xc contribution           =      -4.81679097 Ry
     ewald contribution        =     -16.89975858 Ry

     convergence has been achieved in   6 iterations

     Forces acting on atoms (cartesian axes, Ry/au):

     atom    1 type  1   force =    -0.00000000    0.00000000   -0.00000000
     atom    2 type  1   force =     0.00000000   -0.00000000    0.00000000

     Total force =     0.000000     Total SCF correction =     0.000000


     Computing stress (Cartesian axis) and pressure

          total   stress  (Ry/bohr**3)                   (kbar)     P=   -0.54
  -0.00000365   0.00000000  -0.00000000         -0.54      0.00     -0.00
   0.00000000  -0.00000365   0.00000000          0.00     -0.54      0.00
  -0.00000000   0.00000000  -0.00000365         -0.00      0.00     -0.54


     Writing output data file Si.save

     init_run     :      0.06s CPU      0.24s WALL (       1 calls)
     electrons    :      0.41s CPU      0.50s WALL (       1 calls)
     forces       :      0.01s CPU      0.01s WALL (       1 calls)
     stress       :      0.02s CPU      0.02s WALL (       1 calls)

     Called by init_run:
     wfcinit      :      0.04s CPU      0.13s WALL (       1 calls)
     potinit      :      0.00s CPU      0.07s WALL (       1 calls)

     Called by electrons:
     c_bands      :      0.32s CPU      0.34s WALL (       7 calls)
     sum_band     :      0.08s CPU      0.08s WALL (       7 calls)
     v_of_rho     :      0.00s CPU      0.06s WALL (       7 calls)
     mix_rho      :      0.01s CPU      0.00s WALL (       7 calls)

     Called by c_bands:
     init_us_2    :      0.00s CPU      0.01s WALL (     170 calls)
     cegterg      :      0.32s CPU      0.33s WALL (      70 calls)

     Called by sum_band:

     Called by *egterg:
     h_psi        :      0.30s CPU      0.31s WALL (     214 calls)
     g_psi        :      0.00s CPU      0.00s WALL (     134 calls)
     cdiaghg      :      0.03s CPU      0.11s WALL (     194 calls)

     Called by h_psi:
     h_psi:pot    :      0.30s CPU      0.31s WALL (     214 calls)
     h_psi:calbec :      0.00s CPU      0.01s WALL (     214 calls)
     vloc_psi     :      0.28s CPU      0.29s WALL (     214 calls)
     add_vuspsi   :      0.01s CPU      0.01s WALL (     214 calls)

     General routines
     calbec       :      0.00s CPU      0.01s WALL (     264 calls)
     fft          :      0.00s CPU      0.02s WALL (      34 calls)
     fftw         :      0.31s CPU      0.32s WALL (    1954 calls)

     Parallel routines
     fft_scatter  :      0.07s CPU      0.05s WALL (    1988 calls)

     PWSCF        :     0.68s CPU         1.42s WALL


   This run was terminated on:  11:15:44  17Jul2017            

=------------------------------------------------------------------------------=
   JOB DONE.
=------------------------------------------------------------------------------=
