        0.0000000000        0.0006285094
        0.1111111111        0.0511411061
        0.2222222222        0.0336934255
        0.3333333333        0.0102110724
        0.4444444444        0.0040947973
        0.5555555556        0.0040947973
        0.6666666667        0.0102110724
        0.7777777778        0.0336934255
        0.8888888889        0.0511411061
        1.0000000000        0.0006285094
